Checking ngspice...
ngspice not found
Installing ngspice using apt...
Error installing ngspice: Command '['sudo', 'apt', 'install', '-y', 'ngspice']' returned non-zero exit status 100.
Checking ngspice...
ngspice not found
Installing ngspice using apt...
Error installing ngspice: Command '['sudo', 'apt', 'install', '-y', 'ngspice']' returned non-zero exit status 100.
Checking ngspice...
ngspice not found
Installing ngspice using apt...
Error installing ngspice: Command '['sudo', 'apt', 'install', '-y', 'ngspice']' returned non-zero exit status 100.
Checking ngspice...
ngspice not found
Installing ngspice using apt...
Error installing ngspice: Command '['sudo', 'apt', 'install', '-y', 'ngspice']' returned non-zero exit status 100.
Checking ngspice...
ngspice not found
Installing ngspice using apt...
Error installing ngspice: Command '['sudo', 'apt', 'install', '-y', 'ngspice']' returned non-zero exit status 100.
Checking ngspice...
ngspice not found
Installing ngspice using apt...
Error installing ngspice: Command '['sudo', 'apt', 'install', '-y', 'ngspice']' returned non-zero exit status 100.
Checking ngspice...
ngspice is already installed
ngspice version: ******
** ngspice-42 : Circuit level simulation program
** Compiled with KLU Direct Linear Solver
** The U. C. Berkeley CAD Group
** Copyright 1985-1994, Regents of the University of California.
** Copyright 2001-2023, The ngspice team.
** Please get your ngspice manual from https://ngspice.sourceforge.io/docs.html
** Please file your bug-reports at http://ngspice.sourceforge.net/bugrep.html
** Creation Date: Sun Mar 31 20:15:14 UTC 2024
******
Checking ngspice...
ngspice is already installed
ngspice version: ******
** ngspice-42 : Circuit level simulation program
** Compiled with KLU Direct Linear Solver
** The U. C. Berkeley CAD Group
** Copyright 1985-1994, Regents of the University of California.
** Copyright 2001-2023, The ngspice team.
** Please get your ngspice manual from https://ngspice.sourceforge.io/docs.html
** Please file your bug-reports at http://ngspice.sourceforge.net/bugrep.html
** Creation Date: Sun Mar 31 20:15:14 UTC 2024
******
Checking ngspice...
ngspice is already installed
ngspice version: ******
** ngspice-42 : Circuit level simulation program
** Compiled with KLU Direct Linear Solver
** The U. C. Berkeley CAD Group
** Copyright 1985-1994, Regents of the University of California.
** Copyright 2001-2023, The ngspice team.
** Please get your ngspice manual from https://ngspice.sourceforge.io/docs.html
** Please file your bug-reports at http://ngspice.sourceforge.net/bugrep.html
** Creation Date: Sun Mar 31 20:15:14 UTC 2024
******
Checking ngspice...
ngspice is already installed
ngspice version: ******
** ngspice-42 : Circuit level simulation program
** Compiled with KLU Direct Linear Solver
** The U. C. Berkeley CAD Group
** Copyright 1985-1994, Regents of the University of California.
** Copyright 2001-2023, The ngspice team.
** Please get your ngspice manual from https://ngspice.sourceforge.io/docs.html
** Please file your bug-reports at http://ngspice.sourceforge.net/bugrep.html
** Creation Date: Sun Mar 31 20:15:14 UTC 2024
******
Checking ngspice...
ngspice is already installed
ngspice version: ******
** ngspice-42 : Circuit level simulation program
** Compiled with KLU Direct Linear Solver
** The U. C. Berkeley CAD Group
** Copyright 1985-1994, Regents of the University of California.
** Copyright 2001-2023, The ngspice team.
** Please get your ngspice manual from https://ngspice.sourceforge.io/docs.html
** Please file your bug-reports at http://ngspice.sourceforge.net/bugrep.html
** Creation Date: Sun Mar 31 20:15:14 UTC 2024
******
Checking ngspice...
ngspice is already installed
ngspice version: ******
** ngspice-42 : Circuit level simulation program
** Compiled with KLU Direct Linear Solver
** The U. C. Berkeley CAD Group
** Copyright 1985-1994, Regents of the University of California.
** Copyright 2001-2023, The ngspice team.
** Please get your ngspice manual from https://ngspice.sourceforge.io/docs.html
** Please file your bug-reports at http://ngspice.sourceforge.net/bugrep.html
** Creation Date: Sun Mar 31 20:15:14 UTC 2024
******
Checking ngspice...
ngspice is already installed
ngspice version: ** ngspice-42 : Circuit level simulation program
Checking ngspice...
ngspice is already installed
ngspice version: ** ngspice-42 : Circuit level simulation program
